#-----------------------------------------------------------
# Vivado v2017.4 (64-bit)
# SW Build 2086221 on Fri Dec 15 20:55:39 MST 2017
# IP Build 2085800 on Fri Dec 15 22:25:07 MST 2017
# Start of session at: Sun Oct 13 12:00:57 2019
# Process ID: 6476
# Current directory: F:/FPGA_Contest/PPS_que
# Command line: vivado.exe -gui_launcher_event rodinguilauncherevent6564 F:\FPGA_Contest\PPS_que\PPS.xpr
# Log file: F:/FPGA_Contest/PPS_que/vivado.log
# Journal file: F:/FPGA_Contest/PPS_que\vivado.jou
#-----------------------------------------------------------
start_gui
open_project F:/FPGA_Contest/PPS_que/PPS.xpr
update_compile_order -fileset sources_1
reset_run synth_1
launch_runs synth_1 -jobs 2
wait_on_run synth_1
reset_run synth_1
launch_runs synth_1 -jobs 2
wait_on_run synth_1
reset_run synth_1
launch_runs synth_1 -jobs 2
wait_on_run synth_1
launch_simulation
open_wave_config F:/FPGA_Contest/PPS_que/pps_yes_behav2.wcfg
source pps_tb.tcl
run 1000 ms
close_sim
launch_simulation
open_wave_config F:/FPGA_Contest/PPS_que/pps_yes_behav2.wcfg
source pps_tb.tcl
run 1000 ms
add_wave {{/pps_tb/pps_test/clk_1s}} 
save_wave_config {F:/FPGA_Contest/PPS_que/pps_yes_behav2.wcfg}
close_sim
launch_simulation
open_wave_config F:/FPGA_Contest/PPS_que/pps_yes_behav2.wcfg
source pps_tb.tcl
run 1000 ms
save_wave_config {F:/FPGA_Contest/PPS_que/pps_yes_behav2.wcfg}
close_sim
reset_run synth_1
launch_runs synth_1 -jobs 2
wait_on_run synth_1
reset_run synth_1
launch_runs synth_1 -jobs 2
wait_on_run synth_1
reset_run synth_1
launch_runs synth_1 -jobs 2
wait_on_run synth_1
reset_run synth_1
launch_runs synth_1 -jobs 2
wait_on_run synth_1
reset_run synth_1
launch_runs synth_1 -jobs 2
wait_on_run synth_1
reset_run synth_1
launch_runs synth_1 -jobs 2
wait_on_run synth_1
